// Jest Snapshot v1, https://goo.gl/fbAQLP

exports[`Renders Admin page 1`] = `"<div>you must log in</div>"`;
