// Jest Snapshot v1, https://goo.gl/fbAQLP

exports[`Renders SignIn component 1`] = `" <div class=\\"container\\"><br><button type=\\"button\\" class=\\"btn btn-primary\\">Kirjaudu Googlen tunnuksilla</button></div>"`;
