// Jest Snapshot v1, https://goo.gl/fbAQLP

exports[`Renders Home page 1`] = `
"<div class=\\"container\\">
  <div class=\\"container\\">
    <div class=\\"sc-bdVaJa eskUMO\\"><img style=\\"background-image: url();\\" class=\\"background-image\\">
      <div class=\\"sc-bwzfXH kXomTW\\">
        <h1 class=\\"sc-htpNat hgjgiu\\">MENU TITLE1</h1><span class=\\"sc-bxivhb fzOaMp\\">watch</span>
      </div>
    </div>
  </div>
  <div class=\\"container\\">
    <div class=\\"sc-bdVaJa eskUMO\\"><img style=\\"background-image: url();\\" class=\\"background-image\\">
      <div class=\\"sc-bwzfXH kXomTW\\">
        <h1 class=\\"sc-htpNat hgjgiu\\">MENU TITLE2</h1><span class=\\"sc-bxivhb fzOaMp\\">watch</span>
      </div>
    </div>
  </div>
</div>,"
`;
