// Jest Snapshot v1, https://goo.gl/fbAQLP

exports[`renders without crashing 1`] = `
"<div>
  <div class=\\"container\\">
    <nav class=\\"navbar navbar-expand-lg navbar-dark bg-dark\\"><a href=\\"/\\" class=\\"navbar-brand\\">Housing Company</a><button aria-controls=\\"responsive-navbar-nav\\" type=\\"button\\" aria-label=\\"Toggle navigation\\" class=\\"navbar-toggler collapsed\\"><span class=\\"navbar-toggler-icon\\"></span></button>
      <div class=\\"navbar-collapse collapse\\" id=\\"responsive-navbar-nav\\">
        <div class=\\"mr-auto navbar-nav\\"><a href=\\"/apartments\\" data-rb-event-key=\\"/apartments\\" class=\\"nav-link\\">admin header text1</a><a href=\\"/history\\" data-rb-event-key=\\"/history\\" class=\\"nav-link\\">admin header text2</a>
          <div class=\\"dropdown nav-item\\"><a aria-haspopup=\\"true\\" aria-expanded=\\"false\\" href=\\"#\\" class=\\"dropdown-toggle nav-link\\" role=\\"button\\">admin header text3</a></div>
        </div>
        <div class=\\"navbar-nav\\"><a href=\\"/about\\" data-rb-event-key=\\"/about\\" class=\\"nav-link\\">admin header text4</a><button type=\\"button\\" class=\\"btn btn-primary\\">signin</button></div>
      </div>
    </nav>
  </div>
  <div class=\\"container\\">
    <div class=\\"container\\">
      <div class=\\"sc-bdVaJa eskUMO\\"><img style=\\"background-image: url();\\" class=\\"background-image\\">
        <div class=\\"sc-bwzfXH kXomTW\\">
          <h1 class=\\"sc-htpNat hgjgiu\\">MENU TITLE1</h1><span class=\\"sc-bxivhb fzOaMp\\">undefined</span>
        </div>
      </div>
    </div>
    <div class=\\"container\\">
      <div class=\\"sc-bdVaJa eskUMO\\"><img style=\\"background-image: url();\\" class=\\"background-image\\">
        <div class=\\"sc-bwzfXH kXomTW\\">
          <h1 class=\\"sc-htpNat hgjgiu\\">MENU TITLE2</h1><span class=\\"sc-bxivhb fzOaMp\\">undefined</span>
        </div>
      </div>
    </div>
  </div>
</div>"
`;
