// Jest Snapshot v1, https://goo.gl/fbAQLP

exports[`Renders About page 1`] = `
<div
  className="container"
>
  <div
    className="row"
  >
    <div
      className="col-sm"
    />
    <div
      className="col-sm"
    />
    <div
      className="col-sm"
    />
  </div>
  <div
    className="row"
  >
    <div
      className="col-sm"
    />
    <div
      className="col-sm"
    />
    <div
      className="col-sm"
    />
  </div>
  <br />
  <div
    className="list-group"
    onKeyDown={[Function]}
  >
    <div
      className="list-group-item"
      data-rb-event-key={null}
      disabled={false}
      onClick={[Function]}
    >
      <a
        rel="noopener noreferrer"
        target="_blank"
      />
    </div>
    <div
      className="list-group-item"
      data-rb-event-key={null}
      disabled={false}
      onClick={[Function]}
    >
      <a
        rel="noopener noreferrer"
        target="_blank"
      />
    </div>
    <div
      className="list-group-item"
      data-rb-event-key={null}
      disabled={false}
      onClick={[Function]}
    >
      <a
        rel="noopener noreferrer"
        target="_blank"
      />
    </div>
    <div
      className="list-group-item"
      data-rb-event-key={null}
      disabled={false}
      onClick={[Function]}
    >
      <a
        rel="noopener noreferrer"
        target="_blank"
      />
    </div>
    <div
      className="list-group-item"
      data-rb-event-key={null}
      disabled={false}
      onClick={[Function]}
    >
      <a
        rel="noopener noreferrer"
        target="_blank"
      />
    </div>
  </div>
  <div>
    <div
      style={
        Object {
          "height": "500px",
          "width": "500px",
        }
      }
    >
      <div
        style={
          Object {
            "height": "100%",
          }
        }
      />
      <div />
    </div>
  </div>
</div>
`;
